start
总页数 = 22
表格数 = 1
  表格 1 位于第 21 页，高 9,999,999.0 pt
每页首行：
  第  1 页  文字行  30  首行: 羊羊羊之草原牧歌休闲消除游戏软件
  第  2 页  文字行  36  首行: 　　个人计算机端：Windows、macOS 或 L
  第  3 页  文字行  27  首行: 软件由「首页 → 关卡地图 → 对局 → 结算」构成
  第  4 页  文字行  25  首行: 　　问候区：显示当前时段问候语、日期、天气与草场状态
  第  5 页  文字行  22  首行: 节点显示关卡编号与已获得的星级；未解锁的关卡节点显示
  第  6 页  文字行  23  首行: 进入某一关后，对局界面自上而下依次为标题栏（关卡名称
  第  7 页  文字行  36  首行: 卡槽为七个格子，占用数量越多颜色越具警示性（占用五格
  第  8 页  文字行  24  首行: 每种特殊牌首次出现在棋盘上时弹出一次说明卡片介绍其规
  第  9 页  文字行  25  首行: 　　限步　　　　　在限定的取牌步数内消除指定组数
  第 10 页  文字行  23  首行: 暗号只对闯关模式的对局生成。每日挑战、周常挑战与无尽
  第 11 页  文字行  22  首行: 四种模式共用同一套关卡生成器与同一套可解性构造流程，
  第 12 页  文字行  22  首行: 排行页元素：用户名、称号、三项统计数字、面板切换控件
  第 13 页  文字行  22  首行: 除，不影响尚在升级过程中的对象。集齐全部二十四种后，
  第 14 页  文字行  20  首行: 商店页元素：余额条、道具卡片、道具升级行、牌面皮肤卡
  第 15 页  文字行   2  首行: /
  第 16 页  文字行  29  首行: 牌的位置与状态、卡槽内容、目标进度）。存档在每次关键
  第 17 页  文字行  32  首行: 4. 观察棋盘，点击颜色鲜明、未被灰化的牌，该牌飞入
  第 18 页  文字行  38  首行: 附录一 术语表
  第 19 页  文字行  28  首行: 页面隐藏时也会主动写入一次，以防进程被系统回收导致进
  第 20 页  文字行  21  首行: 最后完成排行记录、玩法说明页、安卓容器封装与微信小游
  第 21 页  文字行  20  首行: 附录七 主要界面完整截图
  第 22 页  文字行   0  首行: （空页）
done
